17:28:38 **** Incremental Build of configuration Debug for project 14_InputCapture ****
make -j8 all 
arm-none-eabi-gcc "../Src/main.c" -mcpu=cortex-m4 -std=gnu11 -g3 -DDEBUG -DSTM32 -DSTM32F4 -DSTM32F446RETx -DNUCLEO_F446RE -DSTM32F446xx -c -I../Inc -I"C:/Users/tcbir/OneDrive/Desktop/STM32F446/chip_headers/CMSIS/Device/ST/STM32F4xx/Include" -I"C:/Users/tcbir/OneDrive/Desktop/STM32F446/chip_headers/CMSIS/Include" -O0 -ffunction-sections -fdata-sections -Wall -fstack-usage -fcyclomatic-complexity -MMD -MP -MF"Src/main.d" -MT"Src/main.o" --specs=nano.specs -mfpu=fpv4-sp-d16 -mfloat-abi=hard -mthumb -o "Src/main.o"
arm-none-eabi-gcc "../Src/tim.c" -mcpu=cortex-m4 -std=gnu11 -g3 -DDEBUG -DSTM32 -DSTM32F4 -DSTM32F446RETx -DNUCLEO_F446RE -DSTM32F446xx -c -I../Inc -I"C:/Users/tcbir/OneDrive/Desktop/STM32F446/chip_headers/CMSIS/Device/ST/STM32F4xx/Include" -I"C:/Users/tcbir/OneDrive/Desktop/STM32F446/chip_headers/CMSIS/Include" -O0 -ffunction-sections -fdata-sections -Wall -fstack-usage -fcyclomatic-complexity -MMD -MP -MF"Src/tim.d" -MT"Src/tim.o" --specs=nano.specs -mfpu=fpv4-sp-d16 -mfloat-abi=hard -mthumb -o "Src/tim.o"
arm-none-eabi-gcc -o "14_InputCapture.elf" @"objects.list"   -mcpu=cortex-m4 -T"C:\Users\tcbir\OneDrive\Desktop\STM32F446\14_InputCapture\STM32F446RETX_FLASH.ld" --specs=nosys.specs -Wl,-Map="14_InputCapture.map" -Wl,--gc-sections -static --specs=nano.specs -mfpu=fpv4-sp-d16 -mfloat-abi=hard -mthumb -Wl,--start-group -lc -lm -Wl,--end-group
Finished building target: 14_InputCapture.elf
 
arm-none-eabi-size  14_InputCapture.elf 
arm-none-eabi-objdump -h -S 14_InputCapture.elf  > "14_InputCapture.list"
   text	   data	    bss	    dec	    hex	filename
    712	      0	   1568	   2280	    8e8	14_InputCapture.elf
Finished building: default.size.stdout
 
Finished building: 14_InputCapture.list
 

17:28:39 Build Finished. 0 errors, 0 warnings. (took 1s.57ms)

