15:06:41 **** Incremental Build of configuration Debug for project 3_bsrr_gpio ****
make -j8 all 
arm-none-eabi-gcc "../Src/main.c" -mcpu=cortex-m4 -std=gnu11 -g3 -DDEBUG -DSTM32 -DSTM32F4 -DSTM32F446RETx -DNUCLEO_F446RE -DSTM32F446xx -c -I../Inc -I"C:/Users/tcbir/OneDrive/Desktop/STM32F446/chip_headers/CMSIS/Device/ST/STM32F4xx/Include" -I"C:/Users/tcbir/OneDrive/Desktop/STM32F446/chip_headers/CMSIS/Include" -O0 -ffunction-sections -fdata-sections -Wall -fstack-usage -fcyclomatic-complexity -MMD -MP -MF"Src/main.d" -MT"Src/main.o" --specs=nano.specs -mfpu=fpv4-sp-d16 -mfloat-abi=hard -mthumb -o "Src/main.o"
arm-none-eabi-gcc -o "3_bsrr_gpio.elf" @"objects.list"   -mcpu=cortex-m4 -T"C:\Users\tcbir\OneDrive\Desktop\STM32F446\3_bsrr_gpio\STM32F446RETX_FLASH.ld" --specs=nosys.specs -Wl,-Map="3_bsrr_gpio.map" -Wl,--gc-sections -static --specs=nano.specs -mfpu=fpv4-sp-d16 -mfloat-abi=hard -mthumb -Wl,--start-group -lc -lm -Wl,--end-group
Finished building target: 3_bsrr_gpio.elf
 
arm-none-eabi-size  3_bsrr_gpio.elf 
arm-none-eabi-objdump -h -S 3_bsrr_gpio.elf  > "3_bsrr_gpio.list"
   text	   data	    bss	    dec	    hex	filename
    816	      0	   1568	   2384	    950	3_bsrr_gpio.elf
Finished building: default.size.stdout
 
Finished building: 3_bsrr_gpio.list
 

15:06:42 Build Finished. 0 errors, 0 warnings. (took 626ms)

