16:49:19 **** Incremental Build of configuration Debug for project 6_printf_uart ****
make -j8 all 
arm-none-eabi-gcc "../Src/main.c" -mcpu=cortex-m4 -std=gnu11 -g3 -DDEBUG -DSTM32 -DSTM32F4 -DSTM32F446RETx -DNUCLEO_F446RE -DSTM32F446xx -c -I../Inc -I"C:/Users/tcbir/OneDrive/Desktop/STM32F446/chip_headers/CMSIS/Device/ST/STM32F4xx/Include" -I"C:/Users/tcbir/OneDrive/Desktop/STM32F446/chip_headers/CMSIS/Include" -O0 -ffunction-sections -fdata-sections -Wall -fstack-usage -fcyclomatic-complexity -MMD -MP -MF"Src/main.d" -MT"Src/main.o" --specs=nano.specs -mfpu=fpv4-sp-d16 -mfloat-abi=hard -mthumb -o "Src/main.o"
arm-none-eabi-gcc -o "6_printf_uart.elf" @"objects.list"   -mcpu=cortex-m4 -T"C:\Users\tcbir\OneDrive\Desktop\STM32F446\6_printf_uart\STM32F446RETX_FLASH.ld" --specs=nosys.specs -Wl,-Map="6_printf_uart.map" -Wl,--gc-sections -static --specs=nano.specs -mfpu=fpv4-sp-d16 -mfloat-abi=hard -mthumb -Wl,--start-group -lc -lm -Wl,--end-group
Finished building target: 6_printf_uart.elf
 
arm-none-eabi-size  6_printf_uart.elf 
arm-none-eabi-objdump -h -S 6_printf_uart.elf  > "6_printf_uart.list"
   text	   data	    bss	    dec	    hex	filename
   5172	     92	   1900	   7164	   1bfc	6_printf_uart.elf
Finished building: default.size.stdout
 
Finished building: 6_printf_uart.list
 

16:49:20 Build Finished. 0 errors, 0 warnings. (took 684ms)

