17:05:07 **** Incremental Build of configuration Debug for project 7_uart_modular ****
make -j8 all 
arm-none-eabi-gcc "../Src/main.c" -mcpu=cortex-m4 -std=gnu11 -g3 -DDEBUG -DSTM32 -DSTM32F4 -DSTM32F446RETx -DNUCLEO_F446RE -DSTM32F446xx -c -I../Inc -I"C:/Users/tcbir/OneDrive/Desktop/STM32F446/chip_headers/CMSIS/Device/ST/STM32F4xx/Include" -I"C:/Users/tcbir/OneDrive/Desktop/STM32F446/chip_headers/CMSIS/Include" -O0 -ffunction-sections -fdata-sections -Wall -fstack-usage -fcyclomatic-complexity -MMD -MP -MF"Src/main.d" -MT"Src/main.o" --specs=nano.specs -mfpu=fpv4-sp-d16 -mfloat-abi=hard -mthumb -o "Src/main.o"
arm-none-eabi-gcc -o "7_uart_modular.elf" @"objects.list"   -mcpu=cortex-m4 -T"C:\Users\tcbir\OneDrive\Desktop\STM32F446\7_uart_modular\STM32F446RETX_FLASH.ld" --specs=nosys.specs -Wl,-Map="7_uart_modular.map" -Wl,--gc-sections -static --specs=nano.specs -mfpu=fpv4-sp-d16 -mfloat-abi=hard -mthumb -Wl,--start-group -lc -lm -Wl,--end-group
Finished building target: 7_uart_modular.elf
 
arm-none-eabi-size  7_uart_modular.elf 
arm-none-eabi-objdump -h -S 7_uart_modular.elf  > "7_uart_modular.list"
   text	   data	    bss	    dec	    hex	filename
   3664	     92	   1900	   5656	   1618	7_uart_modular.elf
Finished building: default.size.stdout
 
Finished building: 7_uart_modular.list
 

17:05:08 Build Finished. 0 errors, 0 warnings. (took 675ms)

